******************************************************************************
                  TI ARM Linker Unix v20.2.6                   
******************************************************************************
>> Linked Wed Oct  5 12:40:28 2022

OUTPUT FILE NAME:   <Lab4_magical_github_starter.out>
ENTRY POINT SYMBOL: "_c_int00_noargs"  address: 00000729


MEMORY CONFIGURATION

         name            origin    length      used     unused   attr    fill
----------------------  --------  ---------  --------  --------  ----  --------
  MAIN                  00000000   00200000  000007ac  001ff854  R  X
  INFO                  00200000   00008000  00000000  00008000  R  X
  SRAM_CODE             01000000   00040000  00000204  0003fdfc  RW X
  SRAM_DATA             20000000   00040000  00000204  0003fdfc  RW  


SEGMENT ALLOCATION MAP

run origin  load origin   length   init length attrs members
----------  ----------- ---------- ----------- ----- -------
00000000    00000000    000007b0   000007b0    r-x
  00000000    00000000    000000e8   000000e8    r-- .intvecs
  000000e8    000000e8    000006ac   000006ac    r-x .text
  00000798    00000798    00000018   00000018    r-- .cinit
20000000    20000000    00000004   00000000    rw-
  20000000    20000000    00000004   00000000    rw- .data
2003fe00    2003fe00    00000200   00000000    rw-
  2003fe00    2003fe00    00000200   00000000    rw- .stack


SECTION ALLOCATION MAP

 output                                  attributes/
section   page    origin      length       input sections
--------  ----  ----------  ----------   ----------------
.intvecs   0    00000000    000000e8     
                  00000000    000000e8     startup_msp432p4111_ccs.obj (.intvecs:retain)

.text      0    000000e8    000006ac     
                  000000e8    00000350     system_msp432p4111.obj (.text)
                  00000438    00000148     pwm.obj (.text)
                  00000580    0000009c     rtsv7M4_T_le_v4SPD16_eabi.lib : memcpy_t2.asm.obj (.text)
                  0000061c    00000068                                   : copy_decompress_lzss.c.obj (.text:decompress:lzss:__TI_decompress_lzss)
                  00000684    00000060     gpio.obj (.text)
                  000006e4    00000044     rtsv7M4_T_le_v4SPD16_eabi.lib : autoinit.c.obj (.text:__TI_auto_init_nobinit_nopinit:__TI_auto_init_nobinit_nopinit)
                  00000728    00000034                                   : boot_cortex_m.c.obj (.text:_c_int00_noargs:_c_int00_noargs)
                  0000075c    00000014     main.obj (.text)
                  00000770    0000000e     rtsv7M4_T_le_v4SPD16_eabi.lib : copy_decompress_none.c.obj (.text:decompress:none:__TI_decompress_none)
                  0000077e    0000000e     startup_msp432p4111_ccs.obj (.text)
                  0000078c    00000004     rtsv7M4_T_le_v4SPD16_eabi.lib : pre_init.c.obj (.text:_system_pre_init)
                  00000790    00000004                                   : exit.c.obj (.text:abort:abort)

.cinit     0    00000798    00000018     
                  00000798    00000008     (.cinit..data.load) [load image, compression = lzss]
                  000007a0    00000008     (__TI_handler_table)
                  000007a8    00000008     (__TI_cinit_table)

.init_array 
*          0    00000000    00000000     UNINITIALIZED

.binit     0    00000000    00000000     

.data      0    20000000    00000004     UNINITIALIZED
                  20000000    00000004     system_msp432p4111.obj (.data)

.stack     0    2003fe00    00000200     UNINITIALIZED
                  2003fe00    00000004     rtsv7M4_T_le_v4SPD16_eabi.lib : boot_cortex_m.c.obj (.stack)
                  2003fe04    000001fc     --HOLE--

__llvm_prf_cnts 
*          0    20000000    00000000     UNINITIALIZED

MODULE SUMMARY

       Module                        code   ro data   rw data
       ------                        ----   -------   -------
    ./
       system_msp432p4111.obj        848    0         8      
       pwm.obj                       328    0         0      
       startup_msp432p4111_ccs.obj   14     232       0      
       gpio.obj                      96     0         0      
       main.obj                      20     0         0      
    +--+-----------------------------+------+---------+---------+
       Total:                        1306   232       8      
                                                             
    /Applications/ti/ccs1200/ccs/tools/compiler/ti-cgt-arm_20.2.6.LTS/lib/rtsv7M4_T_le_v4SPD16_eabi.lib
       memcpy_t2.asm.obj             156    0         0      
       copy_decompress_lzss.c.obj    104    0         0      
       autoinit.c.obj                68     0         0      
       boot_cortex_m.c.obj           52     0         0      
       copy_decompress_none.c.obj    14     0         0      
       exit.c.obj                    4      0         0      
       pre_init.c.obj                4      0         0      
    +--+-----------------------------+------+---------+---------+
       Total:                        402    0         0      
                                                             
       Stack:                        0      0         1024   
       Linker Generated:             0      24        0      
    +--+-----------------------------+------+---------+---------+
       Grand Total:                  1708   256       1032   


LINKER GENERATED COPY TABLES

__TI_cinit_table @ 000007a8 records: 1, size/record: 8, table size: 8
	.data: load addr=00000798, load size=00000008 bytes, run addr=20000000, run size=00000004 bytes, compression=lzss


LINKER GENERATED HANDLER TABLE

__TI_handler_table @ 000007a0 records: 2, size/record: 4, table size: 8
	index: 0, handler: __TI_decompress_lzss
	index: 1, handler: __TI_decompress_none


GLOBAL SYMBOLS: SORTED ALPHABETICALLY BY Name 

address   name                          
-------   ----                          
0000078b  ADC14_IRQHandler              
0000078b  AES256_IRQHandler             
0000078b  BusFault_Handler              
00000791  C$$EXIT                       
0000078b  COMP_E0_IRQHandler            
0000078b  COMP_E1_IRQHandler            
0000078b  CS_IRQHandler                 
0000078b  DMA_ERR_IRQHandler            
0000078b  DMA_INT0_IRQHandler           
0000078b  DMA_INT1_IRQHandler           
0000078b  DMA_INT2_IRQHandler           
0000078b  DMA_INT3_IRQHandler           
0000078b  DebugMon_Handler              
0000078b  Default_Handler               
0000078b  EUSCIA0_IRQHandler            
0000078b  EUSCIA1_IRQHandler            
0000078b  EUSCIA2_IRQHandler            
0000078b  EUSCIA3_IRQHandler            
0000078b  EUSCIB0_IRQHandler            
0000078b  EUSCIB1_IRQHandler            
0000078b  EUSCIB2_IRQHandler            
0000078b  EUSCIB3_IRQHandler            
0000078b  FLCTL_A_IRQHandler            
0000078b  FPU_IRQHandler                
0000078b  HardFault_Handler             
0000078b  LCD_F_IRQHandler              
0000078b  MemManage_Handler             
0000078b  NMI_Handler                   
0000078b  PCM_IRQHandler                
0000078b  PORT1_IRQHandler              
0000078b  PORT2_IRQHandler              
0000078b  PORT3_IRQHandler              
0000078b  PORT4_IRQHandler              
0000078b  PORT5_IRQHandler              
0000078b  PORT6_IRQHandler              
0000078b  PSS_IRQHandler                
0000078b  PendSV_Handler                
0000078b  RTC_C_IRQHandler              
0000077f  Reset_Handler                 
0000078b  SVC_Handler                   
0000078b  SysTick_Handler               
20000000  SystemCoreClock               
000000e9  SystemCoreClockUpdate         
00000361  SystemInit                    
0000078b  T32_INT1_IRQHandler           
0000078b  T32_INT2_IRQHandler           
0000078b  T32_INTC_IRQHandler           
0000078b  TA0_0_IRQHandler              
000004ef  TA0_N_IRQHandler              
000004ef  TA0_N_IRQHandler              
0000078b  TA1_0_IRQHandler              
0000078b  TA1_N_IRQHandler              
0000078b  TA2_0_IRQHandler              
0000078b  TA2_N_IRQHandler              
0000078b  TA3_0_IRQHandler              
0000078b  TA3_N_IRQHandler              
0000078b  UsageFault_Handler            
4000480c  WDTCTL_SYM                    
0000078b  WDT_A_IRQHandler              
20040000  __STACK_END                   
00000200  __STACK_SIZE                  
000007a8  __TI_CINIT_Base               
000007b0  __TI_CINIT_Limit              
000007a0  __TI_Handler_Table_Base       
000007a8  __TI_Handler_Table_Limit      
000006e5  __TI_auto_init_nobinit_nopinit
0000061d  __TI_decompress_lzss          
00000771  __TI_decompress_none          
ffffffff  __TI_pprof_out_hndl           
ffffffff  __TI_prof_data_size           
ffffffff  __TI_prof_data_start          
00000000  __TI_static_base__            
00000581  __aeabi_memcpy                
00000581  __aeabi_memcpy4               
00000581  __aeabi_memcpy8               
ffffffff  __binit__                     
ffffffff  __c_args__                    
UNDEFED   __mpu_init                    
2003fe00  __stack                       
20000000  __start___llvm_prf_cnts       
20000000  __stop___llvm_prf_cnts        
00000729  _c_int00_noargs               
UNDEFED   _system_post_cinit            
0000078d  _system_pre_init              
00000791  abort                         
ffffffff  binit                         
00000685  config_gpio                   
000006af  config_gpio_int               
000004e5  config_nvic                   
0000049d  config_pwm_timer              
00000505  config_pwm_timer_25           
0000050f  config_pwm_timer_50           
00000523  config_pwm_timer_50_int       
00000519  config_pwm_timer_75           
00000000  interruptVectors              
0000075d  main                          
00000581  memcpy                        
00000465  pwm_open                      
00000485  start_pwm                     
00000493  stop_pwm                      


GLOBAL SYMBOLS: SORTED BY Symbol Address 

address   name                          
-------   ----                          
00000000  __TI_static_base__            
00000000  interruptVectors              
000000e9  SystemCoreClockUpdate         
00000200  __STACK_SIZE                  
00000361  SystemInit                    
00000465  pwm_open                      
00000485  start_pwm                     
00000493  stop_pwm                      
0000049d  config_pwm_timer              
000004e5  config_nvic                   
000004ef  TA0_N_IRQHandler              
000004ef  TA0_N_IRQHandler              
00000505  config_pwm_timer_25           
0000050f  config_pwm_timer_50           
00000519  config_pwm_timer_75           
00000523  config_pwm_timer_50_int       
00000581  __aeabi_memcpy                
00000581  __aeabi_memcpy4               
00000581  __aeabi_memcpy8               
00000581  memcpy                        
0000061d  __TI_decompress_lzss          
00000685  config_gpio                   
000006af  config_gpio_int               
000006e5  __TI_auto_init_nobinit_nopinit
00000729  _c_int00_noargs               
0000075d  main                          
00000771  __TI_decompress_none          
0000077f  Reset_Handler                 
0000078b  ADC14_IRQHandler              
0000078b  AES256_IRQHandler             
0000078b  BusFault_Handler              
0000078b  COMP_E0_IRQHandler            
0000078b  COMP_E1_IRQHandler            
0000078b  CS_IRQHandler                 
0000078b  DMA_ERR_IRQHandler            
0000078b  DMA_INT0_IRQHandler           
0000078b  DMA_INT1_IRQHandler           
0000078b  DMA_INT2_IRQHandler           
0000078b  DMA_INT3_IRQHandler           
0000078b  DebugMon_Handler              
0000078b  Default_Handler               
0000078b  EUSCIA0_IRQHandler            
0000078b  EUSCIA1_IRQHandler            
0000078b  EUSCIA2_IRQHandler            
0000078b  EUSCIA3_IRQHandler            
0000078b  EUSCIB0_IRQHandler            
0000078b  EUSCIB1_IRQHandler            
0000078b  EUSCIB2_IRQHandler            
0000078b  EUSCIB3_IRQHandler            
0000078b  FLCTL_A_IRQHandler            
0000078b  FPU_IRQHandler                
0000078b  HardFault_Handler             
0000078b  LCD_F_IRQHandler              
0000078b  MemManage_Handler             
0000078b  NMI_Handler                   
0000078b  PCM_IRQHandler                
0000078b  PORT1_IRQHandler              
0000078b  PORT2_IRQHandler              
0000078b  PORT3_IRQHandler              
0000078b  PORT4_IRQHandler              
0000078b  PORT5_IRQHandler              
0000078b  PORT6_IRQHandler              
0000078b  PSS_IRQHandler                
0000078b  PendSV_Handler                
0000078b  RTC_C_IRQHandler              
0000078b  SVC_Handler                   
0000078b  SysTick_Handler               
0000078b  T32_INT1_IRQHandler           
0000078b  T32_INT2_IRQHandler           
0000078b  T32_INTC_IRQHandler           
0000078b  TA0_0_IRQHandler              
0000078b  TA1_0_IRQHandler              
0000078b  TA1_N_IRQHandler              
0000078b  TA2_0_IRQHandler              
0000078b  TA2_N_IRQHandler              
0000078b  TA3_0_IRQHandler              
0000078b  TA3_N_IRQHandler              
0000078b  UsageFault_Handler            
0000078b  WDT_A_IRQHandler              
0000078d  _system_pre_init              
00000791  C$$EXIT                       
00000791  abort                         
000007a0  __TI_Handler_Table_Base       
000007a8  __TI_CINIT_Base               
000007a8  __TI_Handler_Table_Limit      
000007b0  __TI_CINIT_Limit              
20000000  SystemCoreClock               
20000000  __start___llvm_prf_cnts       
20000000  __stop___llvm_prf_cnts        
2003fe00  __stack                       
20040000  __STACK_END                   
4000480c  WDTCTL_SYM                    
ffffffff  __TI_pprof_out_hndl           
ffffffff  __TI_prof_data_size           
ffffffff  __TI_prof_data_start          
ffffffff  __binit__                     
ffffffff  __c_args__                    
ffffffff  binit                         
UNDEFED   __mpu_init                    
UNDEFED   _system_post_cinit            

[100 symbols]
