******************************************************************************
                  TI ARM Linker Unix v20.2.6                   
******************************************************************************
>> Linked Mon Oct  3 13:45:46 2022

OUTPUT FILE NAME:   <Lab4_magical_github_starter.out>
ENTRY POINT SYMBOL: "_c_int00_noargs"  address: 0000072d


MEMORY CONFIGURATION

         name            origin    length      used     unused   attr    fill
----------------------  --------  ---------  --------  --------  ----  --------
  MAIN                  00000000   00200000  000007b0  001ff850  R  X
  INFO                  00200000   00008000  00000000  00008000  R  X
  SRAM_CODE             01000000   00040000  00000204  0003fdfc  RW X
  SRAM_DATA             20000000   00040000  00000204  0003fdfc  RW  


SEGMENT ALLOCATION MAP

run origin  load origin   length   init length attrs members
----------  ----------- ---------- ----------- ----- -------
00000000    00000000    000007b0   000007b0    r-x
  00000000    00000000    000000e8   000000e8    r-- .intvecs
  000000e8    000000e8    000006b0   000006b0    r-x .text
  00000798    00000798    00000018   00000018    r-- .cinit
20000000    20000000    00000004   00000000    rw-
  20000000    20000000    00000004   00000000    rw- .data
2003fe00    2003fe00    00000200   00000000    rw-
  2003fe00    2003fe00    00000200   00000000    rw- .stack


SECTION ALLOCATION MAP

 output                                  attributes/
section   page    origin      length       input sections
--------  ----  ----------  ----------   ----------------
.intvecs   0    00000000    000000e8     
                  00000000    000000e8     startup_msp432p4111_ccs.obj (.intvecs:retain)

.text      0    000000e8    000006b0     
                  000000e8    00000350     system_msp432p4111.obj (.text)
                  00000438    0000014c     pwm.obj (.text)
                  00000584    0000009c     rtsv7M4_T_le_v4SPD16_eabi.lib : memcpy_t2.asm.obj (.text)
                  00000620    00000068                                   : copy_decompress_lzss.c.obj (.text:decompress:lzss:__TI_decompress_lzss)
                  00000688    00000060     gpio.obj (.text)
                  000006e8    00000044     rtsv7M4_T_le_v4SPD16_eabi.lib : autoinit.c.obj (.text:__TI_auto_init_nobinit_nopinit:__TI_auto_init_nobinit_nopinit)
                  0000072c    00000034                                   : boot_cortex_m.c.obj (.text:_c_int00_noargs:_c_int00_noargs)
                  00000760    00000014     main.obj (.text)
                  00000774    0000000e     rtsv7M4_T_le_v4SPD16_eabi.lib : copy_decompress_none.c.obj (.text:decompress:none:__TI_decompress_none)
                  00000782    0000000e     startup_msp432p4111_ccs.obj (.text)
                  00000790    00000004     rtsv7M4_T_le_v4SPD16_eabi.lib : pre_init.c.obj (.text:_system_pre_init)
                  00000794    00000004                                   : exit.c.obj (.text:abort:abort)

.cinit     0    00000798    00000018     
                  00000798    00000008     (.cinit..data.load) [load image, compression = lzss]
                  000007a0    00000008     (__TI_handler_table)
                  000007a8    00000008     (__TI_cinit_table)

.init_array 
*          0    00000000    00000000     UNINITIALIZED

.binit     0    00000000    00000000     

.data      0    20000000    00000004     UNINITIALIZED
                  20000000    00000004     system_msp432p4111.obj (.data)

.stack     0    2003fe00    00000200     UNINITIALIZED
                  2003fe00    00000004     rtsv7M4_T_le_v4SPD16_eabi.lib : boot_cortex_m.c.obj (.stack)
                  2003fe04    000001fc     --HOLE--

__llvm_prf_cnts 
*          0    20000000    00000000     UNINITIALIZED

MODULE SUMMARY

       Module                        code   ro data   rw data
       ------                        ----   -------   -------
    ./
       system_msp432p4111.obj        848    0         8      
       pwm.obj                       332    0         0      
       startup_msp432p4111_ccs.obj   14     232       0      
       gpio.obj                      96     0         0      
       main.obj                      20     0         0      
    +--+-----------------------------+------+---------+---------+
       Total:                        1310   232       8      
                                                             
    /Applications/ti/ccs1200/ccs/tools/compiler/ti-cgt-arm_20.2.6.LTS/lib/rtsv7M4_T_le_v4SPD16_eabi.lib
       memcpy_t2.asm.obj             156    0         0      
       copy_decompress_lzss.c.obj    104    0         0      
       autoinit.c.obj                68     0         0      
       boot_cortex_m.c.obj           52     0         0      
       copy_decompress_none.c.obj    14     0         0      
       exit.c.obj                    4      0         0      
       pre_init.c.obj                4      0         0      
    +--+-----------------------------+------+---------+---------+
       Total:                        402    0         0      
                                                             
       Stack:                        0      0         1024   
       Linker Generated:             0      24        0      
    +--+-----------------------------+------+---------+---------+
       Grand Total:                  1712   256       1032   


LINKER GENERATED COPY TABLES

__TI_cinit_table @ 000007a8 records: 1, size/record: 8, table size: 8
	.data: load addr=00000798, load size=00000008 bytes, run addr=20000000, run size=00000004 bytes, compression=lzss


LINKER GENERATED HANDLER TABLE

__TI_handler_table @ 000007a0 records: 2, size/record: 4, table size: 8
	index: 0, handler: __TI_decompress_lzss
	index: 1, handler: __TI_decompress_none


GLOBAL SYMBOLS: SORTED ALPHABETICALLY BY Name 

address   name                          
-------   ----                          
0000078f  ADC14_IRQHandler              
0000078f  AES256_IRQHandler             
0000078f  BusFault_Handler              
00000795  C$$EXIT                       
0000078f  COMP_E0_IRQHandler            
0000078f  COMP_E1_IRQHandler            
0000078f  CS_IRQHandler                 
0000078f  DMA_ERR_IRQHandler            
0000078f  DMA_INT0_IRQHandler           
0000078f  DMA_INT1_IRQHandler           
0000078f  DMA_INT2_IRQHandler           
0000078f  DMA_INT3_IRQHandler           
0000078f  DebugMon_Handler              
0000078f  Default_Handler               
0000078f  EUSCIA0_IRQHandler            
0000078f  EUSCIA1_IRQHandler            
0000078f  EUSCIA2_IRQHandler            
0000078f  EUSCIA3_IRQHandler            
0000078f  EUSCIB0_IRQHandler            
0000078f  EUSCIB1_IRQHandler            
0000078f  EUSCIB2_IRQHandler            
0000078f  EUSCIB3_IRQHandler            
0000078f  FLCTL_A_IRQHandler            
0000078f  FPU_IRQHandler                
0000078f  HardFault_Handler             
0000078f  LCD_F_IRQHandler              
0000078f  MemManage_Handler             
0000078f  NMI_Handler                   
0000078f  PCM_IRQHandler                
0000078f  PORT1_IRQHandler              
0000078f  PORT2_IRQHandler              
0000078f  PORT3_IRQHandler              
0000078f  PORT4_IRQHandler              
0000078f  PORT5_IRQHandler              
0000078f  PORT6_IRQHandler              
0000078f  PSS_IRQHandler                
0000078f  PendSV_Handler                
0000078f  RTC_C_IRQHandler              
00000783  Reset_Handler                 
0000078f  SVC_Handler                   
0000078f  SysTick_Handler               
20000000  SystemCoreClock               
000000e9  SystemCoreClockUpdate         
00000361  SystemInit                    
0000078f  T32_INT1_IRQHandler           
0000078f  T32_INT2_IRQHandler           
0000078f  T32_INTC_IRQHandler           
0000078f  TA0_0_IRQHandler              
000004f3  TA0_N_IRQHandler              
000004f3  TA0_N_IRQHandler              
0000078f  TA1_0_IRQHandler              
0000078f  TA1_N_IRQHandler              
0000078f  TA2_0_IRQHandler              
0000078f  TA2_N_IRQHandler              
0000078f  TA3_0_IRQHandler              
0000078f  TA3_N_IRQHandler              
0000078f  UsageFault_Handler            
4000480c  WDTCTL_SYM                    
0000078f  WDT_A_IRQHandler              
20040000  __STACK_END                   
00000200  __STACK_SIZE                  
000007a8  __TI_CINIT_Base               
000007b0  __TI_CINIT_Limit              
000007a0  __TI_Handler_Table_Base       
000007a8  __TI_Handler_Table_Limit      
000006e9  __TI_auto_init_nobinit_nopinit
00000621  __TI_decompress_lzss          
00000775  __TI_decompress_none          
ffffffff  __TI_pprof_out_hndl           
ffffffff  __TI_prof_data_size           
ffffffff  __TI_prof_data_start          
00000000  __TI_static_base__            
00000585  __aeabi_memcpy                
00000585  __aeabi_memcpy4               
00000585  __aeabi_memcpy8               
ffffffff  __binit__                     
ffffffff  __c_args__                    
UNDEFED   __mpu_init                    
2003fe00  __stack                       
20000000  __start___llvm_prf_cnts       
20000000  __stop___llvm_prf_cnts        
0000072d  _c_int00_noargs               
UNDEFED   _system_post_cinit            
00000791  _system_pre_init              
00000795  abort                         
ffffffff  binit                         
00000689  config_gpio                   
000006b3  config_gpio_int               
000004e9  config_nvic                   
000004a1  config_pwm_timer              
00000509  config_pwm_timer_25           
00000513  config_pwm_timer_50           
00000527  config_pwm_timer_50_int       
0000051d  config_pwm_timer_75           
00000000  interruptVectors              
00000761  main                          
00000585  memcpy                        
00000465  pwm_open                      
00000489  start_pwm                     
00000497  stop_pwm                      


GLOBAL SYMBOLS: SORTED BY Symbol Address 

address   name                          
-------   ----                          
00000000  __TI_static_base__            
00000000  interruptVectors              
000000e9  SystemCoreClockUpdate         
00000200  __STACK_SIZE                  
00000361  SystemInit                    
00000465  pwm_open                      
00000489  start_pwm                     
00000497  stop_pwm                      
000004a1  config_pwm_timer              
000004e9  config_nvic                   
000004f3  TA0_N_IRQHandler              
000004f3  TA0_N_IRQHandler              
00000509  config_pwm_timer_25           
00000513  config_pwm_timer_50           
0000051d  config_pwm_timer_75           
00000527  config_pwm_timer_50_int       
00000585  __aeabi_memcpy                
00000585  __aeabi_memcpy4               
00000585  __aeabi_memcpy8               
00000585  memcpy                        
00000621  __TI_decompress_lzss          
00000689  config_gpio                   
000006b3  config_gpio_int               
000006e9  __TI_auto_init_nobinit_nopinit
0000072d  _c_int00_noargs               
00000761  main                          
00000775  __TI_decompress_none          
00000783  Reset_Handler                 
0000078f  ADC14_IRQHandler              
0000078f  AES256_IRQHandler             
0000078f  BusFault_Handler              
0000078f  COMP_E0_IRQHandler            
0000078f  COMP_E1_IRQHandler            
0000078f  CS_IRQHandler                 
0000078f  DMA_ERR_IRQHandler            
0000078f  DMA_INT0_IRQHandler           
0000078f  DMA_INT1_IRQHandler           
0000078f  DMA_INT2_IRQHandler           
0000078f  DMA_INT3_IRQHandler           
0000078f  DebugMon_Handler              
0000078f  Default_Handler               
0000078f  EUSCIA0_IRQHandler            
0000078f  EUSCIA1_IRQHandler            
0000078f  EUSCIA2_IRQHandler            
0000078f  EUSCIA3_IRQHandler            
0000078f  EUSCIB0_IRQHandler            
0000078f  EUSCIB1_IRQHandler            
0000078f  EUSCIB2_IRQHandler            
0000078f  EUSCIB3_IRQHandler            
0000078f  FLCTL_A_IRQHandler            
0000078f  FPU_IRQHandler                
0000078f  HardFault_Handler             
0000078f  LCD_F_IRQHandler              
0000078f  MemManage_Handler             
0000078f  NMI_Handler                   
0000078f  PCM_IRQHandler                
0000078f  PORT1_IRQHandler              
0000078f  PORT2_IRQHandler              
0000078f  PORT3_IRQHandler              
0000078f  PORT4_IRQHandler              
0000078f  PORT5_IRQHandler              
0000078f  PORT6_IRQHandler              
0000078f  PSS_IRQHandler                
0000078f  PendSV_Handler                
0000078f  RTC_C_IRQHandler              
0000078f  SVC_Handler                   
0000078f  SysTick_Handler               
0000078f  T32_INT1_IRQHandler           
0000078f  T32_INT2_IRQHandler           
0000078f  T32_INTC_IRQHandler           
0000078f  TA0_0_IRQHandler              
0000078f  TA1_0_IRQHandler              
0000078f  TA1_N_IRQHandler              
0000078f  TA2_0_IRQHandler              
0000078f  TA2_N_IRQHandler              
0000078f  TA3_0_IRQHandler              
0000078f  TA3_N_IRQHandler              
0000078f  UsageFault_Handler            
0000078f  WDT_A_IRQHandler              
00000791  _system_pre_init              
00000795  C$$EXIT                       
00000795  abort                         
000007a0  __TI_Handler_Table_Base       
000007a8  __TI_CINIT_Base               
000007a8  __TI_Handler_Table_Limit      
000007b0  __TI_CINIT_Limit              
20000000  SystemCoreClock               
20000000  __start___llvm_prf_cnts       
20000000  __stop___llvm_prf_cnts        
2003fe00  __stack                       
20040000  __STACK_END                   
4000480c  WDTCTL_SYM                    
ffffffff  __TI_pprof_out_hndl           
ffffffff  __TI_prof_data_size           
ffffffff  __TI_prof_data_start          
ffffffff  __binit__                     
ffffffff  __c_args__                    
ffffffff  binit                         
UNDEFED   __mpu_init                    
UNDEFED   _system_post_cinit            

[100 symbols]
